// Jest Snapshot v1, https://goo.gl/fbAQLP

exports[`Knob should render with knob value 1`] = `
<div
  data-testid="VOLUME"
  tabindex="-1"
>
  <p
    class="label"
  >
    Volume
  </p>
  <webaudio-knob
    bodycolor="#f0f0f0"
    colors="mediumpurple;#f0f0f0;#ffffff;"
    defvalue="0.5"
    diameter="50"
    highlightcolor="#ffffff"
    id="VOLUME"
    indicatorcolor="mediumpurple"
    max="1"
    min="0"
    step="0.01"
    style="height: 50px;"
    value="0.5"
  />
  <p
    class="label"
  >
    0.5
  </p>
</div>
`;
