// Jest Snapshot v1, https://goo.gl/fbAQLP

exports[`Compressor controls should render correctly 1`] = `
<div
  data-testid="compressor-controls"
>
  <h3>
    Compressor
  </h3>
  <div
    class="controls_row"
  >
    <div
      data-testid="COMPRESSOR_THRESHOLD"
      tabindex="-1"
    >
      <p
        class="label"
      >
        Threshold
      </p>
      <webaudio-knob
        bodycolor="#f0f0f0"
        colors="mediumpurple;#f0f0f0;#ffffff;"
        defvalue="-24"
        diameter="35"
        highlightcolor="#ffffff"
        id="COMPRESSOR_THRESHOLD"
        indicatorcolor="mediumpurple"
        max="0"
        min="-100"
        step="0.01"
        style="height: 35px;"
        value="-24"
      />
      <p
        class="label"
      >
        -24
      </p>
    </div>
    <div
      data-testid="COMPRESSOR_RATIO"
      tabindex="-1"
    >
      <p
        class="label"
      >
        Ratio
      </p>
      <webaudio-knob
        bodycolor="#f0f0f0"
        colors="mediumpurple;#f0f0f0;#ffffff;"
        defvalue="12"
        diameter="35"
        highlightcolor="#ffffff"
        id="COMPRESSOR_RATIO"
        indicatorcolor="mediumpurple"
        max="20"
        min="1"
        step="0.01"
        style="height: 35px;"
        value="12"
      />
      <p
        class="label"
      >
        12
      </p>
    </div>
    <div
      data-testid="COMPRESSOR_KNEE"
      tabindex="-1"
    >
      <p
        class="label"
      >
        Knee
      </p>
      <webaudio-knob
        bodycolor="#f0f0f0"
        colors="mediumpurple;#f0f0f0;#ffffff;"
        defvalue="30"
        diameter="35"
        highlightcolor="#ffffff"
        id="COMPRESSOR_KNEE"
        indicatorcolor="mediumpurple"
        max="40"
        min="0"
        step="0.01"
        style="height: 35px;"
        value="30"
      />
      <p
        class="label"
      >
        30
      </p>
    </div>
    <div
      data-testid="COMPRESSOR_ATTACK"
      tabindex="-1"
    >
      <p
        class="label"
      >
        Attack
      </p>
      <webaudio-knob
        bodycolor="#f0f0f0"
        colors="mediumpurple;#f0f0f0;#ffffff;"
        defvalue="0.003"
        diameter="35"
        highlightcolor="#ffffff"
        id="COMPRESSOR_ATTACK"
        indicatorcolor="mediumpurple"
        max="1"
        min="0"
        step="0.01"
        style="height: 35px;"
        value="0.003"
      />
      <p
        class="label"
      >
        0.003
      </p>
    </div>
    <div
      data-testid="COMPRESSOR_RELEASE"
      tabindex="-1"
    >
      <p
        class="label"
      >
        Release
      </p>
      <webaudio-knob
        bodycolor="#f0f0f0"
        colors="mediumpurple;#f0f0f0;#ffffff;"
        defvalue="0.25"
        diameter="35"
        highlightcolor="#ffffff"
        id="COMPRESSOR_RELEASE"
        indicatorcolor="mediumpurple"
        max="1"
        min="0"
        step="0.01"
        style="height: 35px;"
        value="0.25"
      />
      <p
        class="label"
      >
        0.25
      </p>
    </div>
  </div>
</div>
`;
