// Jest Snapshot v1, https://goo.gl/fbAQLP

exports[`Compressor controls should render correctly 1`] = `
<div
  data-testid="compressor-controls"
>
  <h3>
    Compressor
  </h3>
  <div
    data-testid="COMPRESSOR_THRESHOLD"
    tabindex="0"
  >
    <label
      class="label"
      id="knob_label_COMPRESSOR_THRESHOLD"
    >
      Threshold
    </label>
    <div
      class="slider"
    >
      <div
        class="p-slider p-component p-slider-horizontal"
        data-pc-name="slider"
        data-pc-section="root"
        id="COMPRESSOR_THRESHOLD"
        name="COMPRESSOR_THRESHOLD"
      >
        <span
          class="p-slider-range"
          data-pc-section="range"
          style="position: absolute; width: 76%;"
        />
        <span
          aria-orientation="horizontal"
          aria-valuemax="0"
          aria-valuemin="-100"
          aria-valuenow="76"
          class="p-slider-handle"
          data-pc-section="handle"
          role="slider"
          style="position: absolute; left: 76%;"
          tabindex="0"
        />
      </div>
    </div>
  </div>
  <div
    data-testid="COMPRESSOR_RATIO"
    tabindex="0"
  >
    <label
      class="label"
      id="knob_label_COMPRESSOR_RATIO"
    >
      Ratio
    </label>
    <div
      class="slider"
    >
      <div
        class="p-slider p-component p-slider-horizontal"
        data-pc-name="slider"
        data-pc-section="root"
        id="COMPRESSOR_RATIO"
        name="COMPRESSOR_RATIO"
      >
        <span
          class="p-slider-range"
          data-pc-section="range"
          style="position: absolute; width: 57.89473684210526%;"
        />
        <span
          aria-orientation="horizontal"
          aria-valuemax="20"
          aria-valuemin="1"
          aria-valuenow="57.89473684210526"
          class="p-slider-handle"
          data-pc-section="handle"
          role="slider"
          style="position: absolute; left: 57.89473684210526%;"
          tabindex="0"
        />
      </div>
    </div>
  </div>
  <div
    data-testid="COMPRESSOR_KNEE"
    tabindex="0"
  >
    <label
      class="label"
      id="knob_label_COMPRESSOR_KNEE"
    >
      Knee
    </label>
    <div
      class="slider"
    >
      <div
        class="p-slider p-component p-slider-horizontal"
        data-pc-name="slider"
        data-pc-section="root"
        id="COMPRESSOR_KNEE"
        name="COMPRESSOR_KNEE"
      >
        <span
          class="p-slider-range"
          data-pc-section="range"
          style="position: absolute; width: 75%;"
        />
        <span
          aria-orientation="horizontal"
          aria-valuemax="40"
          aria-valuemin="0"
          aria-valuenow="75"
          class="p-slider-handle"
          data-pc-section="handle"
          role="slider"
          style="position: absolute; left: 75%;"
          tabindex="0"
        />
      </div>
    </div>
  </div>
  <div
    data-testid="COMPRESSOR_ATTACK"
    tabindex="0"
  >
    <label
      class="label"
      id="knob_label_COMPRESSOR_ATTACK"
    >
      Attack
    </label>
    <div
      class="slider"
    >
      <div
        class="p-slider p-component p-slider-horizontal"
        data-pc-name="slider"
        data-pc-section="root"
        id="COMPRESSOR_ATTACK"
        name="COMPRESSOR_ATTACK"
      >
        <span
          class="p-slider-range"
          data-pc-section="range"
          style="position: absolute; width: 0.3%;"
        />
        <span
          aria-orientation="horizontal"
          aria-valuemax="1"
          aria-valuemin="0"
          aria-valuenow="0.3"
          class="p-slider-handle"
          data-pc-section="handle"
          role="slider"
          style="position: absolute; left: 0.3%;"
          tabindex="0"
        />
      </div>
    </div>
  </div>
  <div
    data-testid="COMPRESSOR_RELEASE"
    tabindex="0"
  >
    <label
      class="label"
      id="knob_label_COMPRESSOR_RELEASE"
    >
      Release
    </label>
    <div
      class="slider"
    >
      <div
        class="p-slider p-component p-slider-horizontal"
        data-pc-name="slider"
        data-pc-section="root"
        id="COMPRESSOR_RELEASE"
        name="COMPRESSOR_RELEASE"
      >
        <span
          class="p-slider-range"
          data-pc-section="range"
          style="position: absolute; width: 25%;"
        />
        <span
          aria-orientation="horizontal"
          aria-valuemax="1"
          aria-valuemin="0"
          aria-valuenow="25"
          class="p-slider-handle"
          data-pc-section="handle"
          role="slider"
          style="position: absolute; left: 25%;"
          tabindex="0"
        />
      </div>
    </div>
  </div>
</div>
`;
