// Jest Snapshot v1, https://goo.gl/fbAQLP

exports[`Delay should render correctly 1`] = `
<div
  data-testid="delay-controls"
>
  <h3>
    Delay
  </h3>
  <div
    class="controls_row"
  >
    <div
      data-testid="DELAY"
    >
      <label
        class="label"
        for="DELAY"
      >
        Delay
      </label>
      <div
        aria-checked="false"
        class="p-inputswitch p-component"
        data-pc-name="inputswitch"
        data-pc-section="root"
        role="checkbox"
      >
        <div
          class="p-hidden-accessible"
          data-pc-section="hiddeninputwrapper"
        >
          <input
            aria-checked="false"
            data-pc-section="hiddeninput"
            id="DELAY"
            role="switch"
            type="checkbox"
          />
        </div>
        <span
          class="p-inputswitch-slider"
          data-pc-section="slider"
        />
      </div>
    </div>
    <div
      data-testid="DELAY_TRAILS"
    >
      <label
        class="label"
        for="DELAY_TRAILS"
      >
        Trails
      </label>
      <div
        aria-checked="false"
        class="p-inputswitch p-component"
        data-pc-name="inputswitch"
        data-pc-section="root"
        role="checkbox"
      >
        <div
          class="p-hidden-accessible"
          data-pc-section="hiddeninputwrapper"
        >
          <input
            aria-checked="false"
            data-pc-section="hiddeninput"
            id="DELAY_TRAILS"
            role="switch"
            type="checkbox"
          />
        </div>
        <span
          class="p-inputswitch-slider"
          data-pc-section="slider"
        />
      </div>
    </div>
  </div>
  <div
    data-testid="DELAY_FEEDBACK"
    tabindex="0"
  >
    <label
      class="label"
      id="knob_label_DELAY_FEEDBACK"
    >
      Feedback
    </label>
    <div
      class="slider"
    >
      <div
        class="p-slider p-component p-slider-horizontal"
        data-pc-name="slider"
        data-pc-section="root"
        id="DELAY_FEEDBACK"
        name="DELAY_FEEDBACK"
      >
        <span
          class="p-slider-range"
          data-pc-section="range"
          style="position: absolute; width: 30%;"
        />
        <span
          aria-orientation="horizontal"
          aria-valuemax="1"
          aria-valuemin="0"
          aria-valuenow="30"
          class="p-slider-handle"
          data-pc-section="handle"
          role="slider"
          style="position: absolute; left: 30%;"
          tabindex="0"
        />
      </div>
    </div>
  </div>
  <div
    data-testid="DELAY_TIME"
    tabindex="0"
  >
    <label
      class="label"
      id="knob_label_DELAY_TIME"
    >
      Time
    </label>
    <div
      class="slider"
    >
      <div
        class="p-slider p-component p-slider-horizontal"
        data-pc-name="slider"
        data-pc-section="root"
        id="DELAY_TIME"
        name="DELAY_TIME"
      >
        <span
          class="p-slider-range"
          data-pc-section="range"
          style="position: absolute; width: 10%;"
        />
        <span
          aria-orientation="horizontal"
          aria-valuemax="5"
          aria-valuemin="0"
          aria-valuenow="10"
          class="p-slider-handle"
          data-pc-section="handle"
          role="slider"
          style="position: absolute; left: 10%;"
          tabindex="0"
        />
      </div>
    </div>
  </div>
</div>
`;
