// Jest Snapshot v1, https://goo.gl/fbAQLP

exports[`Envelope controls should render correctly 1`] = `
<div
  data-testid="envelope-controls"
>
  <h3>
    ADSR Envelope
  </h3>
  <div
    class="controls_row"
  >
    <div
      data-testid="ATTACK"
      tabindex="-1"
    >
      <p
        class="label"
      >
        Attack
      </p>
      <webaudio-knob
        bodycolor="#f0f0f0"
        colors="mediumpurple;#f0f0f0;#ffffff;"
        defvalue="0"
        diameter="35"
        highlightcolor="#ffffff"
        id="ATTACK"
        indicatorcolor="mediumpurple"
        max="5"
        min="0"
        step="0.01"
        style="height: 35px;"
        value="0"
      />
      <p
        class="label"
      >
        0
      </p>
    </div>
    <div
      data-testid="DECAY"
      tabindex="-1"
    >
      <p
        class="label"
      >
        Decay
      </p>
      <webaudio-knob
        bodycolor="#f0f0f0"
        colors="mediumpurple;#f0f0f0;#ffffff;"
        defvalue="0"
        diameter="35"
        highlightcolor="#ffffff"
        id="DECAY"
        indicatorcolor="mediumpurple"
        max="5"
        min="0"
        step="0.01"
        style="height: 35px;"
        value="0"
      />
      <p
        class="label"
      >
        0
      </p>
    </div>
    <div
      data-testid="SUSTAIN"
      tabindex="-1"
    >
      <p
        class="label"
      >
        Sustain
      </p>
      <webaudio-knob
        bodycolor="#f0f0f0"
        colors="mediumpurple;#f0f0f0;#ffffff;"
        defvalue="1"
        diameter="35"
        highlightcolor="#ffffff"
        id="SUSTAIN"
        indicatorcolor="mediumpurple"
        max="1"
        min="0"
        step="0.01"
        style="height: 35px;"
        value="1"
      />
      <p
        class="label"
      >
        1
      </p>
    </div>
    <div
      data-testid="RELEASE"
      tabindex="-1"
    >
      <p
        class="label"
      >
        Release
      </p>
      <webaudio-knob
        bodycolor="#f0f0f0"
        colors="mediumpurple;#f0f0f0;#ffffff;"
        defvalue="0"
        diameter="35"
        highlightcolor="#ffffff"
        id="RELEASE"
        indicatorcolor="mediumpurple"
        max="5"
        min="0"
        step="0.01"
        style="height: 35px;"
        value="0"
      />
      <p
        class="label"
      >
        0
      </p>
    </div>
  </div>
</div>
`;
